2025-08-21 15:10:32.293 [main] INFO  net.project.loggers.LoggersApplication - Starting LoggersApplication using Java 17.0.7 on home-desktop with PID 4976 (D:\dev\github\log4j2\target\classes started by Mohan in D:\dev\github\log4j2)
2025-08-21 15:10:32.299 [main] INFO  net.project.loggers.LoggersApplication - No active profile set, falling back to 1 default profile: "default"
2025-08-21 15:10:32.843 [main] INFO  org.springframework.boot.web.embedded.tomcat.TomcatWebServer - Tomcat initialized with port(s): 8080 (http)
2025-08-21 15:10:32.855 [main] INFO  org.apache.coyote.http11.Http11NioProtocol - Initializing ProtocolHandler ["http-nio-8080"]
2025-08-21 15:10:32.856 [main] INFO  org.apache.catalina.core.StandardService - Starting service [Tomcat]
2025-08-21 15:10:32.856 [main] INFO  org.apache.catalina.core.StandardEngine - Starting Servlet engine: [Apache Tomcat/9.0.65]
2025-08-21 15:10:32.938 [main] INFO  org.apache.catalina.core.ContainerBase.[Tomcat].[localhost].[/] - Initializing Spring embedded WebApplicationContext
2025-08-21 15:10:32.938 [main] INFO  org.springframework.boot.web.servlet.context.ServletWebServerApplicationContext - Root WebApplicationContext: initialization completed in 607 ms
2025-08-21 15:10:33.133 [main] INFO  org.apache.coyote.http11.Http11NioProtocol - Starting ProtocolHandler ["http-nio-8080"]
2025-08-21 15:10:33.150 [main] INFO  org.springframework.boot.web.embedded.tomcat.TomcatWebServer - Tomcat started on port(s): 8080 (http) with context path ''
2025-08-21 15:10:33.156 [main] INFO  net.project.loggers.LoggersApplication - Started LoggersApplication in 1.085 seconds (JVM running for 1.789)
2025-08-21 15:10:38.256 [http-nio-8080-exec-1] INFO  org.apache.catalina.core.ContainerBase.[Tomcat].[localhost].[/] - Initializing Spring DispatcherServlet 'dispatcherServlet'
2025-08-21 15:10:38.256 [http-nio-8080-exec-1] INFO  org.springframework.web.servlet.DispatcherServlet - Initializing Servlet 'dispatcherServlet'
2025-08-21 15:10:38.257 [http-nio-8080-exec-1] INFO  org.springframework.web.servlet.DispatcherServlet - Completed initialization in 0 ms
2025-08-21 15:10:38.272 [http-nio-8080-exec-1] ERROR net.project.loggers.controller.UserController - Controller: This is an ERROR level message
2025-08-21 15:10:38.272 [http-nio-8080-exec-1] WARN  net.project.loggers.controller.UserController - Controller: This is a WARN level message
2025-08-21 15:10:38.272 [http-nio-8080-exec-1] INFO  net.project.loggers.controller.UserController - Controller: This is an INFO level message
2025-08-21 15:10:38.273 [http-nio-8080-exec-1] DEBUG net.project.loggers.controller.UserController - Controller: This is a DEBUG level message
2025-08-21 15:10:38.273 [http-nio-8080-exec-1] TRACE net.project.loggers.controller.UserController - Controller: This is a TRACE level message
2025-08-21 15:10:38.273 [http-nio-8080-exec-1] ERROR net.project.loggers.service.UserService - Service: This is an ERROR level message
2025-08-21 15:10:38.273 [http-nio-8080-exec-1] WARN  net.project.loggers.service.UserService - Service: This is a WARN level message
2025-08-21 15:10:38.273 [http-nio-8080-exec-1] INFO  net.project.loggers.service.UserService - Service: This is an INFO level message
2025-08-21 15:10:38.273 [http-nio-8080-exec-1] DEBUG net.project.loggers.service.UserService - Service: This is a DEBUG level message
2025-08-21 15:10:38.273 [http-nio-8080-exec-1] ERROR net.project.loggers.repository.UserRepository - Repository: This is an ERROR level message
2025-08-21 15:10:38.273 [http-nio-8080-exec-1] WARN  net.project.loggers.repository.UserRepository - Repository: This is a WARN level message
2025-08-21 15:10:38.273 [http-nio-8080-exec-1] INFO  net.project.loggers.repository.UserRepository - Repository: This is an INFO level message
2025-08-21 15:10:40.512 [http-nio-8080-exec-2] ERROR net.project.loggers.controller.UserController - Controller: This is an ERROR level message
2025-08-21 15:10:40.512 [http-nio-8080-exec-2] WARN  net.project.loggers.controller.UserController - Controller: This is a WARN level message
2025-08-21 15:10:40.512 [http-nio-8080-exec-2] INFO  net.project.loggers.controller.UserController - Controller: This is an INFO level message
2025-08-21 15:10:40.512 [http-nio-8080-exec-2] DEBUG net.project.loggers.controller.UserController - Controller: This is a DEBUG level message
2025-08-21 15:10:40.512 [http-nio-8080-exec-2] TRACE net.project.loggers.controller.UserController - Controller: This is a TRACE level message
2025-08-21 15:10:40.513 [http-nio-8080-exec-2] ERROR net.project.loggers.service.UserService - Service: This is an ERROR level message
2025-08-21 15:10:40.513 [http-nio-8080-exec-2] WARN  net.project.loggers.service.UserService - Service: This is a WARN level message
2025-08-21 15:10:40.513 [http-nio-8080-exec-2] INFO  net.project.loggers.service.UserService - Service: This is an INFO level message
2025-08-21 15:10:40.513 [http-nio-8080-exec-2] DEBUG net.project.loggers.service.UserService - Service: This is a DEBUG level message
2025-08-21 15:10:40.513 [http-nio-8080-exec-2] ERROR net.project.loggers.repository.UserRepository - Repository: This is an ERROR level message
2025-08-21 15:10:40.513 [http-nio-8080-exec-2] WARN  net.project.loggers.repository.UserRepository - Repository: This is a WARN level message
2025-08-21 15:10:40.513 [http-nio-8080-exec-2] INFO  net.project.loggers.repository.UserRepository - Repository: This is an INFO level message
2025-08-21 15:10:41.787 [http-nio-8080-exec-3] ERROR net.project.loggers.controller.UserController - Controller: This is an ERROR level message
2025-08-21 15:10:41.787 [http-nio-8080-exec-3] WARN  net.project.loggers.controller.UserController - Controller: This is a WARN level message
2025-08-21 15:10:41.787 [http-nio-8080-exec-3] INFO  net.project.loggers.controller.UserController - Controller: This is an INFO level message
2025-08-21 15:10:41.788 [http-nio-8080-exec-3] DEBUG net.project.loggers.controller.UserController - Controller: This is a DEBUG level message
2025-08-21 15:10:41.788 [http-nio-8080-exec-3] TRACE net.project.loggers.controller.UserController - Controller: This is a TRACE level message
2025-08-21 15:10:41.788 [http-nio-8080-exec-3] ERROR net.project.loggers.service.UserService - Service: This is an ERROR level message
2025-08-21 15:10:41.788 [http-nio-8080-exec-3] WARN  net.project.loggers.service.UserService - Service: This is a WARN level message
2025-08-21 15:10:41.788 [http-nio-8080-exec-3] INFO  net.project.loggers.service.UserService - Service: This is an INFO level message
2025-08-21 15:10:41.788 [http-nio-8080-exec-3] DEBUG net.project.loggers.service.UserService - Service: This is a DEBUG level message
2025-08-21 15:10:41.788 [http-nio-8080-exec-3] ERROR net.project.loggers.repository.UserRepository - Repository: This is an ERROR level message
2025-08-21 15:10:41.788 [http-nio-8080-exec-3] WARN  net.project.loggers.repository.UserRepository - Repository: This is a WARN level message
2025-08-21 15:10:41.788 [http-nio-8080-exec-3] INFO  net.project.loggers.repository.UserRepository - Repository: This is an INFO level message
2025-08-21 15:10:56.193 [RMI TCP Connection(2)-127.0.0.1] INFO  org.springframework.boot.admin.SpringApplicationAdminMXBeanRegistrar$SpringApplicationAdmin - Application shutdown requested.
2025-08-21 15:10:56.215 [RMI TCP Connection(2)-127.0.0.1] INFO  org.apache.coyote.http11.Http11NioProtocol - Pausing ProtocolHandler ["http-nio-8080"]
2025-08-21 15:10:56.215 [RMI TCP Connection(2)-127.0.0.1] INFO  org.apache.catalina.core.StandardService - Stopping service [Tomcat]
2025-08-21 15:10:56.216 [RMI TCP Connection(2)-127.0.0.1] INFO  org.apache.catalina.core.ContainerBase.[Tomcat].[localhost].[/] - Destroying Spring FrameworkServlet 'dispatcherServlet'
2025-08-21 15:10:56.219 [RMI TCP Connection(2)-127.0.0.1] INFO  org.apache.coyote.http11.Http11NioProtocol - Stopping ProtocolHandler ["http-nio-8080"]
2025-08-21 15:10:56.221 [RMI TCP Connection(2)-127.0.0.1] INFO  org.apache.coyote.http11.Http11NioProtocol - Destroying ProtocolHandler ["http-nio-8080"]
2025-10-14 22:53:47.764 [main] INFO  net.project.loggers.LoggersApplication - Starting LoggersApplication using Java 17.0.16 on HOME-DESKTOP with PID 11068 (D:\dev\github\log4j2\target\classes started by Mohan in D:\dev\github\log4j2)
2025-10-14 22:53:47.786 [main] INFO  net.project.loggers.LoggersApplication - No active profile set, falling back to 1 default profile: "default"
2025-10-14 22:53:48.531 [main] INFO  org.springframework.boot.web.embedded.tomcat.TomcatWebServer - Tomcat initialized with port(s): 8080 (http)
2025-10-14 22:53:48.545 [main] INFO  org.apache.coyote.http11.Http11NioProtocol - Initializing ProtocolHandler ["http-nio-8080"]
2025-10-14 22:53:48.545 [main] INFO  org.apache.catalina.core.StandardService - Starting service [Tomcat]
2025-10-14 22:53:48.546 [main] INFO  org.apache.catalina.core.StandardEngine - Starting Servlet engine: [Apache Tomcat/9.0.65]
2025-10-14 22:53:48.654 [main] INFO  org.apache.catalina.core.ContainerBase.[Tomcat].[localhost].[/] - Initializing Spring embedded WebApplicationContext
2025-10-14 22:53:48.655 [main] INFO  org.springframework.boot.web.servlet.context.ServletWebServerApplicationContext - Root WebApplicationContext: initialization completed in 830 ms
2025-10-14 22:53:48.888 [main] INFO  org.apache.coyote.http11.Http11NioProtocol - Starting ProtocolHandler ["http-nio-8080"]
2025-10-14 22:53:48.908 [main] INFO  org.springframework.boot.web.embedded.tomcat.TomcatWebServer - Tomcat started on port(s): 8080 (http) with context path ''
2025-10-14 22:53:48.914 [main] INFO  net.project.loggers.LoggersApplication - Started LoggersApplication in 1.448 seconds (JVM running for 2.419)
2025-10-14 22:54:47.971 [http-nio-8080-exec-1] INFO  org.apache.catalina.core.ContainerBase.[Tomcat].[localhost].[/] - Initializing Spring DispatcherServlet 'dispatcherServlet'
2025-10-14 22:54:47.971 [http-nio-8080-exec-1] INFO  org.springframework.web.servlet.DispatcherServlet - Initializing Servlet 'dispatcherServlet'
2025-10-14 22:54:47.971 [http-nio-8080-exec-1] INFO  org.springframework.web.servlet.DispatcherServlet - Completed initialization in 0 ms
2025-10-14 22:54:57.658 [http-nio-8080-exec-3] ERROR net.project.loggers.controller.UserController - Controller: This is an ERROR level message
2025-10-14 22:54:57.658 [http-nio-8080-exec-3] WARN  net.project.loggers.controller.UserController - Controller: This is a WARN level message
2025-10-14 22:54:57.658 [http-nio-8080-exec-3] INFO  net.project.loggers.controller.UserController - Controller: This is an INFO level message
2025-10-14 22:54:57.658 [http-nio-8080-exec-3] DEBUG net.project.loggers.controller.UserController - Controller: This is a DEBUG level message
2025-10-14 22:54:57.658 [http-nio-8080-exec-3] TRACE net.project.loggers.controller.UserController - Controller: This is a TRACE level message
2025-10-14 22:54:57.658 [http-nio-8080-exec-3] ERROR net.project.loggers.service.UserService - Service: This is an ERROR level message
2025-10-14 22:54:57.658 [http-nio-8080-exec-3] WARN  net.project.loggers.service.UserService - Service: This is a WARN level message
2025-10-14 22:54:57.658 [http-nio-8080-exec-3] INFO  net.project.loggers.service.UserService - Service: This is an INFO level message
2025-10-14 22:54:57.659 [http-nio-8080-exec-3] DEBUG net.project.loggers.service.UserService - Service: This is a DEBUG level message
2025-10-14 22:54:57.659 [http-nio-8080-exec-3] ERROR net.project.loggers.repository.UserRepository - Repository: This is an ERROR level message
2025-10-14 22:54:57.659 [http-nio-8080-exec-3] WARN  net.project.loggers.repository.UserRepository - Repository: This is a WARN level message
2025-10-14 22:54:57.659 [http-nio-8080-exec-3] INFO  net.project.loggers.repository.UserRepository - Repository: This is an INFO level message
2025-10-14 23:00:41.084 [RMI TCP Connection(11)-127.0.0.1] INFO  org.springframework.boot.admin.SpringApplicationAdminMXBeanRegistrar$SpringApplicationAdmin - Application shutdown requested.
2025-10-14 23:00:41.105 [RMI TCP Connection(11)-127.0.0.1] INFO  org.apache.coyote.http11.Http11NioProtocol - Pausing ProtocolHandler ["http-nio-8080"]
2025-10-14 23:00:41.106 [RMI TCP Connection(11)-127.0.0.1] INFO  org.apache.catalina.core.StandardService - Stopping service [Tomcat]
2025-10-14 23:00:41.107 [RMI TCP Connection(11)-127.0.0.1] INFO  org.apache.catalina.core.ContainerBase.[Tomcat].[localhost].[/] - Destroying Spring FrameworkServlet 'dispatcherServlet'
2025-10-14 23:00:41.111 [RMI TCP Connection(11)-127.0.0.1] INFO  org.apache.coyote.http11.Http11NioProtocol - Stopping ProtocolHandler ["http-nio-8080"]
2025-10-14 23:00:41.113 [RMI TCP Connection(11)-127.0.0.1] INFO  org.apache.coyote.http11.Http11NioProtocol - Destroying ProtocolHandler ["http-nio-8080"]
2025-10-14 23:01:39.864 [main] INFO  net.project.loggers.LoggersApplication - Starting LoggersApplication using Java 17.0.16 on HOME-DESKTOP with PID 17680 (D:\dev\github\log4j2\target\classes started by Mohan in D:\dev\github\log4j2)
2025-10-14 23:01:39.870 [main] INFO  net.project.loggers.LoggersApplication - No active profile set, falling back to 1 default profile: "default"
2025-10-14 23:01:40.447 [main] INFO  org.springframework.boot.web.embedded.tomcat.TomcatWebServer - Tomcat initialized with port(s): 8080 (http)
2025-10-14 23:01:40.462 [main] INFO  org.apache.coyote.http11.Http11NioProtocol - Initializing ProtocolHandler ["http-nio-8080"]
2025-10-14 23:01:40.463 [main] INFO  org.apache.catalina.core.StandardService - Starting service [Tomcat]
2025-10-14 23:01:40.463 [main] INFO  org.apache.catalina.core.StandardEngine - Starting Servlet engine: [Apache Tomcat/9.0.65]
2025-10-14 23:01:40.546 [main] INFO  org.apache.catalina.core.ContainerBase.[Tomcat].[localhost].[/] - Initializing Spring embedded WebApplicationContext
2025-10-14 23:01:40.546 [main] INFO  org.springframework.boot.web.servlet.context.ServletWebServerApplicationContext - Root WebApplicationContext: initialization completed in 638 ms
2025-10-14 23:01:40.746 [main] INFO  org.apache.coyote.http11.Http11NioProtocol - Starting ProtocolHandler ["http-nio-8080"]
2025-10-14 23:01:40.751 [main] WARN  org.springframework.boot.web.servlet.context.AnnotationConfigServletWebServerApplicationContext - Exception encountered during context initialization - cancelling refresh attempt: org.springframework.context.ApplicationContextException: Failed to start bean 'webServerStartStop'; nested exception is org.springframework.boot.web.server.PortInUseException: Port 8080 is already in use
2025-10-14 23:01:40.753 [main] INFO  org.apache.coyote.http11.Http11NioProtocol - Pausing ProtocolHandler ["http-nio-8080"]
2025-10-14 23:01:40.754 [main] INFO  org.apache.catalina.core.StandardService - Stopping service [Tomcat]
2025-10-14 23:01:40.757 [main] INFO  org.apache.coyote.http11.Http11NioProtocol - Stopping ProtocolHandler ["http-nio-8080"]
2025-10-14 23:01:40.757 [main] INFO  org.apache.coyote.http11.Http11NioProtocol - Destroying ProtocolHandler ["http-nio-8080"]
2025-10-14 23:01:40.763 [main] INFO  org.springframework.boot.autoconfigure.logging.ConditionEvaluationReportLoggingListener - 

Error starting ApplicationContext. To display the conditions report re-run your application with 'debug' enabled.
2025-10-14 23:01:40.777 [main] ERROR org.springframework.boot.diagnostics.LoggingFailureAnalysisReporter - 

***************************
APPLICATION FAILED TO START
***************************

Description:

Web server failed to start. Port 8080 was already in use.

Action:

Identify and stop the process that's listening on port 8080 or configure this application to listen on another port.

2025-10-14 23:01:51.146 [main] INFO  net.project.loggers.LoggersApplication - Starting LoggersApplication using Java 17.0.16 on HOME-DESKTOP with PID 5968 (D:\dev\github\log4j2\target\classes started by Mohan in D:\dev\github\log4j2)
2025-10-14 23:01:51.153 [main] INFO  net.project.loggers.LoggersApplication - No active profile set, falling back to 1 default profile: "default"
2025-10-14 23:01:51.736 [main] INFO  org.springframework.boot.web.embedded.tomcat.TomcatWebServer - Tomcat initialized with port(s): 8080 (http)
2025-10-14 23:01:51.751 [main] INFO  org.apache.coyote.http11.Http11NioProtocol - Initializing ProtocolHandler ["http-nio-8080"]
2025-10-14 23:01:51.751 [main] INFO  org.apache.catalina.core.StandardService - Starting service [Tomcat]
2025-10-14 23:01:51.752 [main] INFO  org.apache.catalina.core.StandardEngine - Starting Servlet engine: [Apache Tomcat/9.0.65]
2025-10-14 23:01:51.833 [main] INFO  org.apache.catalina.core.ContainerBase.[Tomcat].[localhost].[/] - Initializing Spring embedded WebApplicationContext
2025-10-14 23:01:51.834 [main] INFO  org.springframework.boot.web.servlet.context.ServletWebServerApplicationContext - Root WebApplicationContext: initialization completed in 641 ms
2025-10-14 23:01:52.041 [main] INFO  org.apache.coyote.http11.Http11NioProtocol - Starting ProtocolHandler ["http-nio-8080"]
2025-10-14 23:01:52.057 [main] INFO  org.springframework.boot.web.embedded.tomcat.TomcatWebServer - Tomcat started on port(s): 8080 (http) with context path ''
2025-10-14 23:01:52.063 [main] INFO  net.project.loggers.LoggersApplication - Started LoggersApplication in 1.156 seconds (JVM running for 1.919)
2025-10-14 23:01:59.511 [http-nio-8080-exec-1] INFO  org.apache.catalina.core.ContainerBase.[Tomcat].[localhost].[/] - Initializing Spring DispatcherServlet 'dispatcherServlet'
2025-10-14 23:01:59.511 [http-nio-8080-exec-1] INFO  org.springframework.web.servlet.DispatcherServlet - Initializing Servlet 'dispatcherServlet'
2025-10-14 23:01:59.512 [http-nio-8080-exec-1] INFO  org.springframework.web.servlet.DispatcherServlet - Completed initialization in 1 ms
2025-10-14 23:01:59.531 [http-nio-8080-exec-1] ERROR net.project.loggers.controller.UserController - Controller: This is an ERROR level message
2025-10-14 23:01:59.531 [http-nio-8080-exec-1] WARN  net.project.loggers.controller.UserController - Controller: This is a WARN level message
2025-10-14 23:01:59.531 [http-nio-8080-exec-1] INFO  net.project.loggers.controller.UserController - Controller: This is an INFO level message
2025-10-14 23:01:59.531 [http-nio-8080-exec-1] DEBUG net.project.loggers.controller.UserController - Controller: This is a DEBUG level message
2025-10-14 23:01:59.532 [http-nio-8080-exec-1] TRACE net.project.loggers.controller.UserController - Controller: This is a TRACE level message
2025-10-14 23:01:59.532 [http-nio-8080-exec-1] ERROR net.project.loggers.service.UserService - Service: This is an ERROR level message
2025-10-14 23:01:59.532 [http-nio-8080-exec-1] WARN  net.project.loggers.service.UserService - Service: This is a WARN level message
2025-10-14 23:01:59.532 [http-nio-8080-exec-1] INFO  net.project.loggers.service.UserService - Service: This is an INFO level message
2025-10-14 23:01:59.532 [http-nio-8080-exec-1] DEBUG net.project.loggers.service.UserService - Service: This is a DEBUG level message
2025-10-14 23:01:59.532 [http-nio-8080-exec-1] ERROR net.project.loggers.repository.UserRepository - Repository: This is an ERROR level message
2025-10-14 23:01:59.532 [http-nio-8080-exec-1] WARN  net.project.loggers.repository.UserRepository - Repository: This is a WARN level message
2025-10-14 23:01:59.532 [http-nio-8080-exec-1] INFO  net.project.loggers.repository.UserRepository - Repository: This is an INFO level message
2025-10-14 23:03:29.446 [RMI TCP Connection(5)-127.0.0.1] INFO  org.springframework.boot.admin.SpringApplicationAdminMXBeanRegistrar$SpringApplicationAdmin - Application shutdown requested.
2025-10-14 23:03:29.483 [RMI TCP Connection(5)-127.0.0.1] INFO  org.apache.coyote.http11.Http11NioProtocol - Pausing ProtocolHandler ["http-nio-8080"]
2025-10-14 23:03:29.483 [RMI TCP Connection(5)-127.0.0.1] INFO  org.apache.catalina.core.StandardService - Stopping service [Tomcat]
2025-10-14 23:03:29.483 [RMI TCP Connection(5)-127.0.0.1] INFO  org.apache.catalina.core.ContainerBase.[Tomcat].[localhost].[/] - Destroying Spring FrameworkServlet 'dispatcherServlet'
2025-10-14 23:03:29.487 [RMI TCP Connection(5)-127.0.0.1] INFO  org.apache.coyote.http11.Http11NioProtocol - Stopping ProtocolHandler ["http-nio-8080"]
2025-10-14 23:03:29.487 [RMI TCP Connection(5)-127.0.0.1] INFO  org.apache.coyote.http11.Http11NioProtocol - Destroying ProtocolHandler ["http-nio-8080"]
2025-10-14 23:03:34.552 [main] INFO  net.project.loggers.LoggersApplication - Starting LoggersApplication using Java 17.0.16 on HOME-DESKTOP with PID 5164 (D:\dev\github\log4j2\target\classes started by Mohan in D:\dev\github\log4j2)
2025-10-14 23:03:34.560 [main] INFO  net.project.loggers.LoggersApplication - No active profile set, falling back to 1 default profile: "default"
2025-10-14 23:03:35.159 [main] INFO  org.springframework.boot.web.embedded.tomcat.TomcatWebServer - Tomcat initialized with port(s): 8080 (http)
2025-10-14 23:03:35.174 [main] INFO  org.apache.coyote.http11.Http11NioProtocol - Initializing ProtocolHandler ["http-nio-8080"]
2025-10-14 23:03:35.174 [main] INFO  org.apache.catalina.core.StandardService - Starting service [Tomcat]
2025-10-14 23:03:35.175 [main] INFO  org.apache.catalina.core.StandardEngine - Starting Servlet engine: [Apache Tomcat/9.0.65]
2025-10-14 23:03:35.260 [main] INFO  org.apache.catalina.core.ContainerBase.[Tomcat].[localhost].[/] - Initializing Spring embedded WebApplicationContext
2025-10-14 23:03:35.260 [main] INFO  org.springframework.boot.web.servlet.context.ServletWebServerApplicationContext - Root WebApplicationContext: initialization completed in 662 ms
2025-10-14 23:03:35.462 [main] INFO  org.apache.coyote.http11.Http11NioProtocol - Starting ProtocolHandler ["http-nio-8080"]
2025-10-14 23:03:35.478 [main] INFO  org.springframework.boot.web.embedded.tomcat.TomcatWebServer - Tomcat started on port(s): 8080 (http) with context path ''
2025-10-14 23:03:35.484 [main] INFO  net.project.loggers.LoggersApplication - Started LoggersApplication in 1.169 seconds (JVM running for 1.933)
2025-10-14 23:05:30.922 [http-nio-8080-exec-1] INFO  org.apache.catalina.core.ContainerBase.[Tomcat].[localhost].[/] - Initializing Spring DispatcherServlet 'dispatcherServlet'
2025-10-14 23:05:30.923 [http-nio-8080-exec-1] INFO  org.springframework.web.servlet.DispatcherServlet - Initializing Servlet 'dispatcherServlet'
2025-10-14 23:05:30.923 [http-nio-8080-exec-1] INFO  org.springframework.web.servlet.DispatcherServlet - Completed initialization in 0 ms
2025-10-14 23:05:30.940 [http-nio-8080-exec-1] ERROR net.project.loggers.controller.UserController - Controller: This is an ERROR level message
2025-10-14 23:05:30.940 [http-nio-8080-exec-1] WARN  net.project.loggers.controller.UserController - Controller: This is a WARN level message
2025-10-14 23:05:30.940 [http-nio-8080-exec-1] INFO  net.project.loggers.controller.UserController - Controller: This is an INFO level message
2025-10-14 23:05:30.940 [http-nio-8080-exec-1] DEBUG net.project.loggers.controller.UserController - Controller: This is a DEBUG level message
2025-10-14 23:05:30.940 [http-nio-8080-exec-1] TRACE net.project.loggers.controller.UserController - Controller: This is a TRACE level message
2025-10-14 23:05:30.940 [http-nio-8080-exec-1] ERROR net.project.loggers.service.UserService - Service: This is an ERROR level message
2025-10-14 23:05:30.941 [http-nio-8080-exec-1] WARN  net.project.loggers.service.UserService - Service: This is a WARN level message
2025-10-14 23:05:30.941 [http-nio-8080-exec-1] INFO  net.project.loggers.service.UserService - Service: This is an INFO level message
2025-10-14 23:05:30.941 [http-nio-8080-exec-1] DEBUG net.project.loggers.service.UserService - Service: This is a DEBUG level message
2025-10-14 23:05:30.941 [http-nio-8080-exec-1] ERROR net.project.loggers.repository.UserRepository - Repository: This is an ERROR level message
2025-10-14 23:05:30.941 [http-nio-8080-exec-1] WARN  net.project.loggers.repository.UserRepository - Repository: This is a WARN level message
2025-10-14 23:05:30.941 [http-nio-8080-exec-1] INFO  net.project.loggers.repository.UserRepository - Repository: This is an INFO level message
2025-10-14 23:07:46.134 [RMI TCP Connection(6)-127.0.0.1] INFO  org.springframework.boot.admin.SpringApplicationAdminMXBeanRegistrar$SpringApplicationAdmin - Application shutdown requested.
2025-10-14 23:07:46.162 [RMI TCP Connection(6)-127.0.0.1] INFO  org.apache.coyote.http11.Http11NioProtocol - Pausing ProtocolHandler ["http-nio-8080"]
2025-10-14 23:07:46.162 [RMI TCP Connection(6)-127.0.0.1] INFO  org.apache.catalina.core.StandardService - Stopping service [Tomcat]
2025-10-14 23:07:46.164 [RMI TCP Connection(6)-127.0.0.1] INFO  org.apache.catalina.core.ContainerBase.[Tomcat].[localhost].[/] - Destroying Spring FrameworkServlet 'dispatcherServlet'
2025-10-14 23:07:46.166 [RMI TCP Connection(6)-127.0.0.1] INFO  org.apache.coyote.http11.Http11NioProtocol - Stopping ProtocolHandler ["http-nio-8080"]
2025-10-14 23:07:46.166 [RMI TCP Connection(6)-127.0.0.1] INFO  org.apache.coyote.http11.Http11NioProtocol - Destroying ProtocolHandler ["http-nio-8080"]
